// Jest Snapshot v1, https://goo.gl/fbAQLP

exports[`Login Page should match snapshot 1`] = `
Object {
  "asFragment": [Function],
  "baseElement": <body>
    <div>
      <div
        class="MuiGrid-root MuiGrid-container MuiGrid-justify-xs-center MuiGrid-grid-xs-12"
      >
        <div
          class="MuiGrid-root makeStyles-title-4 MuiGrid-item"
        >
          <h1
            class="MuiTypography-root MuiTypography-h1"
          >
            Proceed with your Login
          </h1>
        </div>
      </div>
      <div
        class="MuiGrid-root MuiGrid-container MuiGrid-spacing-xs-3"
      >
        <div
          class="MuiGrid-root makeStyles-logo-1 MuiGrid-item MuiGrid-grid-xs-12"
        >
          <img
            alt="Logo"
            src="https://via.placeholder.com/300?text=HDVA+Logo"
          />
        </div>
        <div
          class="MuiGrid-root MuiGrid-item MuiGrid-grid-xs-12"
        >
          <form
            autocomplete="off"
          >
            <div
              class="MuiInputBase-root MuiOutlinedInput-root makeStyles-userFields-5 MuiInputBase-fullWidth"
            >
              <input
                class="MuiInputBase-input MuiOutlinedInput-input"
                id="username"
                placeholder="Username"
                type="text"
                value=""
              />
              <fieldset
                aria-hidden="true"
                class="PrivateNotchedOutline-root-7 MuiOutlinedInput-notchedOutline"
                style="padding-left: 8px;"
              >
                <legend
                  class="PrivateNotchedOutline-legend-8"
                  style="width: 0.01px;"
                >
                  <span>
                    ​
                  </span>
                </legend>
              </fieldset>
            </div>
            <div
              class="MuiInputBase-root MuiOutlinedInput-root makeStyles-userFields-5 MuiInputBase-fullWidth MuiInputBase-adornedEnd MuiOutlinedInput-adornedEnd"
            >
              <input
                class="MuiInputBase-input MuiOutlinedInput-input MuiInputBase-inputAdornedEnd MuiOutlinedInput-inputAdornedEnd"
                id="standard-adornment-password"
                placeholder="Password"
                type="password"
                value=""
              />
              <div
                class="MuiInputAdornment-root MuiInputAdornment-positionEnd"
              >
                <button
                  aria-label="toggle password visibility"
                  class="MuiButtonBase-root MuiIconButton-root"
                  tabindex="0"
                  type="button"
                >
                  <span
                    class="MuiIconButton-label"
                  >
                    <svg
                      aria-hidden="true"
                      class="MuiSvgIcon-root"
                      focusable="false"
                      viewBox="0 0 24 24"
                    >
                      <path
                        d="M12 7c2.76 0 5 2.24 5 5 0 .65-.13 1.26-.36 1.83l2.92 2.92c1.51-1.26 2.7-2.89 3.43-4.75-1.73-4.39-6-7.5-11-7.5-1.4 0-2.74.25-3.98.7l2.16 2.16C10.74 7.13 11.35 7 12 7zM2 4.27l2.28 2.28.46.46C3.08 8.3 1.78 10.02 1 12c1.73 4.39 6 7.5 11 7.5 1.55 0 3.03-.3 4.38-.84l.42.42L19.73 22 21 20.73 3.27 3 2 4.27zM7.53 9.8l1.55 1.55c-.05.21-.08.43-.08.65 0 1.66 1.34 3 3 3 .22 0 .44-.03.65-.08l1.55 1.55c-.67.33-1.41.53-2.2.53-2.76 0-5-2.24-5-5 0-.79.2-1.53.53-2.2zm4.31-.78l3.15 3.15.02-.16c0-1.66-1.34-3-3-3l-.17.01z"
                      />
                    </svg>
                  </span>
                  <span
                    class="MuiTouchRipple-root"
                  />
                </button>
              </div>
              <fieldset
                aria-hidden="true"
                class="PrivateNotchedOutline-root-7 MuiOutlinedInput-notchedOutline"
                style="padding-left: 8px;"
              >
                <legend
                  class="PrivateNotchedOutline-legend-8"
                  style="width: 0.01px;"
                >
                  <span>
                    ​
                  </span>
                </legend>
              </fieldset>
            </div>
            <a
              href="/"
            >
              <button
                class="MuiButtonBase-root MuiButton-root MuiButton-outlined makeStyles-submitBtn-6 MuiButton-outlinedPrimary MuiButton-outlinedSizeLarge MuiButton-sizeLarge MuiButton-fullWidth"
                tabindex="0"
                type="button"
              >
                <span
                  class="MuiButton-label"
                >
                  Login
                </span>
                <span
                  class="MuiTouchRipple-root"
                />
              </button>
            </a>
            <sub>
              Account not activated? Please call us on +44208 444 5555
            </sub>
          </form>
        </div>
      </div>
      <header
        class="MuiPaper-root MuiAppBar-root MuiAppBar-positionFixed MuiAppBar-colorPrimary makeStyles-forgottenDetails-2 mui-fixed MuiPaper-elevation0"
      >
        <a
          href="/forgotten-password"
        >
          <button
            class="MuiButtonBase-root MuiButton-root MuiButton-text MuiButton-textPrimary MuiButton-textSizeLarge MuiButton-sizeLarge"
            tabindex="0"
            type="button"
          >
            <span
              class="MuiButton-label"
            >
              Forgot password
            </span>
            <span
              class="MuiTouchRipple-root"
            />
          </button>
        </a>
      </header>
    </div>
  </body>,
  "container": <div>
    <div
      class="MuiGrid-root MuiGrid-container MuiGrid-justify-xs-center MuiGrid-grid-xs-12"
    >
      <div
        class="MuiGrid-root makeStyles-title-4 MuiGrid-item"
      >
        <h1
          class="MuiTypography-root MuiTypography-h1"
        >
          Proceed with your Login
        </h1>
      </div>
    </div>
    <div
      class="MuiGrid-root MuiGrid-container MuiGrid-spacing-xs-3"
    >
      <div
        class="MuiGrid-root makeStyles-logo-1 MuiGrid-item MuiGrid-grid-xs-12"
      >
        <img
          alt="Logo"
          src="https://via.placeholder.com/300?text=HDVA+Logo"
        />
      </div>
      <div
        class="MuiGrid-root MuiGrid-item MuiGrid-grid-xs-12"
      >
        <form
          autocomplete="off"
        >
          <div
            class="MuiInputBase-root MuiOutlinedInput-root makeStyles-userFields-5 MuiInputBase-fullWidth"
          >
            <input
              class="MuiInputBase-input MuiOutlinedInput-input"
              id="username"
              placeholder="Username"
              type="text"
              value=""
            />
            <fieldset
              aria-hidden="true"
              class="PrivateNotchedOutline-root-7 MuiOutlinedInput-notchedOutline"
              style="padding-left: 8px;"
            >
              <legend
                class="PrivateNotchedOutline-legend-8"
                style="width: 0.01px;"
              >
                <span>
                  ​
                </span>
              </legend>
            </fieldset>
          </div>
          <div
            class="MuiInputBase-root MuiOutlinedInput-root makeStyles-userFields-5 MuiInputBase-fullWidth MuiInputBase-adornedEnd MuiOutlinedInput-adornedEnd"
          >
            <input
              class="MuiInputBase-input MuiOutlinedInput-input MuiInputBase-inputAdornedEnd MuiOutlinedInput-inputAdornedEnd"
              id="standard-adornment-password"
              placeholder="Password"
              type="password"
              value=""
            />
            <div
              class="MuiInputAdornment-root MuiInputAdornment-positionEnd"
            >
              <button
                aria-label="toggle password visibility"
                class="MuiButtonBase-root MuiIconButton-root"
                tabindex="0"
                type="button"
              >
                <span
                  class="MuiIconButton-label"
                >
                  <svg
                    aria-hidden="true"
                    class="MuiSvgIcon-root"
                    focusable="false"
                    viewBox="0 0 24 24"
                  >
                    <path
                      d="M12 7c2.76 0 5 2.24 5 5 0 .65-.13 1.26-.36 1.83l2.92 2.92c1.51-1.26 2.7-2.89 3.43-4.75-1.73-4.39-6-7.5-11-7.5-1.4 0-2.74.25-3.98.7l2.16 2.16C10.74 7.13 11.35 7 12 7zM2 4.27l2.28 2.28.46.46C3.08 8.3 1.78 10.02 1 12c1.73 4.39 6 7.5 11 7.5 1.55 0 3.03-.3 4.38-.84l.42.42L19.73 22 21 20.73 3.27 3 2 4.27zM7.53 9.8l1.55 1.55c-.05.21-.08.43-.08.65 0 1.66 1.34 3 3 3 .22 0 .44-.03.65-.08l1.55 1.55c-.67.33-1.41.53-2.2.53-2.76 0-5-2.24-5-5 0-.79.2-1.53.53-2.2zm4.31-.78l3.15 3.15.02-.16c0-1.66-1.34-3-3-3l-.17.01z"
                    />
                  </svg>
                </span>
                <span
                  class="MuiTouchRipple-root"
                />
              </button>
            </div>
            <fieldset
              aria-hidden="true"
              class="PrivateNotchedOutline-root-7 MuiOutlinedInput-notchedOutline"
              style="padding-left: 8px;"
            >
              <legend
                class="PrivateNotchedOutline-legend-8"
                style="width: 0.01px;"
              >
                <span>
                  ​
                </span>
              </legend>
            </fieldset>
          </div>
          <a
            href="/"
          >
            <button
              class="MuiButtonBase-root MuiButton-root MuiButton-outlined makeStyles-submitBtn-6 MuiButton-outlinedPrimary MuiButton-outlinedSizeLarge MuiButton-sizeLarge MuiButton-fullWidth"
              tabindex="0"
              type="button"
            >
              <span
                class="MuiButton-label"
              >
                Login
              </span>
              <span
                class="MuiTouchRipple-root"
              />
            </button>
          </a>
          <sub>
            Account not activated? Please call us on +44208 444 5555
          </sub>
        </form>
      </div>
    </div>
    <header
      class="MuiPaper-root MuiAppBar-root MuiAppBar-positionFixed MuiAppBar-colorPrimary makeStyles-forgottenDetails-2 mui-fixed MuiPaper-elevation0"
    >
      <a
        href="/forgotten-password"
      >
        <button
          class="MuiButtonBase-root MuiButton-root MuiButton-text MuiButton-textPrimary MuiButton-textSizeLarge MuiButton-sizeLarge"
          tabindex="0"
          type="button"
        >
          <span
            class="MuiButton-label"
          >
            Forgot password
          </span>
          <span
            class="MuiTouchRipple-root"
          />
        </button>
      </a>
    </header>
  </div>,
  "debug": [Function],
  "findAllByAltText": [Function],
  "findAllByDisplayValue": [Function],
  "findAllByLabelText": [Function],
  "findAllByPlaceholderText": [Function],
  "findAllByRole": [Function],
  "findAllByTestId": [Function],
  "findAllByText": [Function],
  "findAllByTitle": [Function],
  "findByAltText": [Function],
  "findByDisplayValue": [Function],
  "findByLabelText": [Function],
  "findByPlaceholderText": [Function],
  "findByRole": [Function],
  "findByTestId": [Function],
  "findByText": [Function],
  "findByTitle": [Function],
  "getAllByAltText": [Function],
  "getAllByDisplayValue": [Function],
  "getAllByLabelText": [Function],
  "getAllByPlaceholderText": [Function],
  "getAllByRole": [Function],
  "getAllByTestId": [Function],
  "getAllByText": [Function],
  "getAllByTitle": [Function],
  "getByAltText": [Function],
  "getByDisplayValue": [Function],
  "getByLabelText": [Function],
  "getByPlaceholderText": [Function],
  "getByRole": [Function],
  "getByTestId": [Function],
  "getByText": [Function],
  "getByTitle": [Function],
  "queryAllByAltText": [Function],
  "queryAllByDisplayValue": [Function],
  "queryAllByLabelText": [Function],
  "queryAllByPlaceholderText": [Function],
  "queryAllByRole": [Function],
  "queryAllByTestId": [Function],
  "queryAllByText": [Function],
  "queryAllByTitle": [Function],
  "queryByAltText": [Function],
  "queryByDisplayValue": [Function],
  "queryByLabelText": [Function],
  "queryByPlaceholderText": [Function],
  "queryByRole": [Function],
  "queryByTestId": [Function],
  "queryByText": [Function],
  "queryByTitle": [Function],
  "rerender": [Function],
  "unmount": [Function],
}
`;
